// Jest Snapshot v1, https://goo.gl/fbAQLP

exports[`Tests in <FirstApp /> should show <FirstApp /> correctly 1`] = `
<Fragment>
  <h1>
    Hola, Soy Laura
  </h1>
  <p>
    Soy un subtitulo
  </p>
</Fragment>
`;
